[Ramulator::SimpleO3] [info] Processor Heartbeat 10000000 cycles.
[Ramulator::SimpleO3] [info] Processor Heartbeat 20000000 cycles.
[Ramulator::SimpleO3] [info] Processor Heartbeat 30000000 cycles.
[Ramulator::SimpleO3] [info] Processor Heartbeat 40000000 cycles.
[Ramulator::SimpleO3] [info] Processor Heartbeat 50000000 cycles.
Frontend:
  impl: SimpleO3
  memory_access_cycles_recorded_core_3: 18791282
  insts_retired_core_2: 186394798
  cycles_recorded_core_2: 5670007
  num_expected_insts: 20000000
  cycles_recorded_core_3: 51743372
  insts_retired_core_1: 186200150
  llc_eviction: 1933226
  llc_write_access: 342659
  llc_write_misses: 340698
  insts_retired_core_3: 20000003
  memory_access_cycles_recorded_core_2: 246355
  llc_read_access: 1603534
  llc_read_misses: 1597544
  insts_retired_core_0: 186216255
  llc_mshr_unavailable: 890
  cycles_recorded_core_0: 5650727
  memory_access_cycles_recorded_core_0: 238786
  cycles_recorded_core_1: 5643145
  memory_access_cycles_recorded_core_1: 237079
  Translation:
    impl: RandomTranslation


MemorySystem:
  impl: GenericDRAM
  total_num_other_requests: 0
  total_num_write_requests: 341507
  total_num_read_requests: 1937318
  memory_system_cycles: 19403765
  DRAM:
    impl: DDR4
  AddrMapper:
    impl: RoBaRaCoCh
  Controller:
    impl: Generic
    id: Channel 0
    Scheduler:
      impl: ATLAS
    RefreshManager:
      impl: AllBank
    ControllerPlugin:
      impl: ATLAS



