[Ramulator::SimpleO3] [info] Processor Heartbeat 10000000 cycles.
[Ramulator::SimpleO3] [info] Processor Heartbeat 20000000 cycles.
[Ramulator::SimpleO3] [info] Processor Heartbeat 30000000 cycles.
[Ramulator::SimpleO3] [info] Processor Heartbeat 40000000 cycles.
Frontend:
  impl: SimpleO3
  memory_access_cycles_recorded_core_3: 18024160
  insts_retired_core_2: 175768685
  cycles_recorded_core_2: 5635721
  num_expected_insts: 20000000
  cycles_recorded_core_3: 49688377
  insts_retired_core_1: 175360431
  llc_eviction: 1925085
  llc_write_access: 341782
  llc_write_misses: 339733
  insts_retired_core_3: 20000002
  memory_access_cycles_recorded_core_2: 234172
  llc_read_access: 1595551
  llc_read_misses: 1589476
  insts_retired_core_0: 175389397
  llc_mshr_unavailable: 0
  cycles_recorded_core_0: 5632420
  memory_access_cycles_recorded_core_0: 234079
  cycles_recorded_core_1: 5649551
  memory_access_cycles_recorded_core_1: 238724
  Translation:
    impl: RandomTranslation


MemorySystem:
  impl: GenericDRAM
  total_num_other_requests: 0
  total_num_write_requests: 340670
  total_num_read_requests: 1929175
  memory_system_cycles: 18633141
  DRAM:
    impl: DDR4
  AddrMapper:
    impl: RoBaRaCoCh
  Controller:
    impl: Generic
    id: Channel 0
    Scheduler:
      impl: BLISS
    RefreshManager:
      impl: AllBank
    ControllerPlugin:
      impl: BLISS



