[Ramulator::SimpleO3] [info] Processor Heartbeat 10000000 cycles.
[Ramulator::SimpleO3] [info] Processor Heartbeat 20000000 cycles.
[Ramulator::SimpleO3] [info] Processor Heartbeat 30000000 cycles.
[Ramulator::SimpleO3] [info] Processor Heartbeat 40000000 cycles.
[Ramulator::SimpleO3] [info] Processor Heartbeat 50000000 cycles.
[Ramulator::SimpleO3] [info] Processor Heartbeat 60000000 cycles.
[Ramulator::SimpleO3] [info] Processor Heartbeat 70000000 cycles.
[Ramulator::SimpleO3] [info] Processor Heartbeat 80000000 cycles.
[Ramulator::SimpleO3] [info] Processor Heartbeat 90000000 cycles.
[Ramulator::SimpleO3] [info] Processor Heartbeat 100000000 cycles.
[Ramulator::SimpleO3] [info] Processor Heartbeat 110000000 cycles.
[Ramulator::SimpleO3] [info] Processor Heartbeat 120000000 cycles.
[Ramulator::SimpleO3] [info] Processor Heartbeat 130000000 cycles.
[Ramulator::SimpleO3] [info] Processor Heartbeat 140000000 cycles.
[Ramulator::SimpleO3] [info] Processor Heartbeat 150000000 cycles.
Frontend:
  impl: SimpleO3
  memory_access_cycles_recorded_core_3: 48968378
  insts_retired_core_2: 21825483
  cycles_recorded_core_2: 141664017
  num_expected_insts: 20000000
  cycles_recorded_core_3: 152060121
  insts_retired_core_1: 22749072
  llc_eviction: 7818017
  llc_write_access: 23809079
  llc_write_misses: 23808928
  insts_retired_core_3: 20000003
  memory_access_cycles_recorded_core_2: 50388343
  llc_read_access: 101148901
  llc_read_misses: 101141265
  insts_retired_core_0: 22998283
  llc_mshr_unavailable: 117127955
  cycles_recorded_core_0: 133407807
  memory_access_cycles_recorded_core_0: 48412917
  cycles_recorded_core_1: 135365042
  memory_access_cycles_recorded_core_1: 49031457
  Translation:
    impl: RandomTranslation


MemorySystem:
  impl: GenericDRAM
  total_num_other_requests: 0
  total_num_write_requests: 1418437
  total_num_read_requests: 7822093
  memory_system_cycles: 57022545
  DRAM:
    impl: DDR4
  AddrMapper:
    impl: RoBaRaCoCh
  Controller:
    impl: Generic
    id: Channel 0
    Scheduler:
      impl: BLISS
    RefreshManager:
      impl: AllBank
    ControllerPlugin:
      impl: BLISS



