[Ramulator::SimpleO3] [info] Processor Heartbeat 10000000 cycles.
[Ramulator::SimpleO3] [info] Processor Heartbeat 20000000 cycles.
[Ramulator::SimpleO3] [info] Processor Heartbeat 30000000 cycles.
[Ramulator::SimpleO3] [info] Processor Heartbeat 40000000 cycles.
[Ramulator::SimpleO3] [info] Processor Heartbeat 50000000 cycles.
[Ramulator::SimpleO3] [info] Processor Heartbeat 60000000 cycles.
[Ramulator::SimpleO3] [info] Processor Heartbeat 70000000 cycles.
Frontend:
  impl: SimpleO3
  memory_access_cycles_recorded_core_3: 28551500
  insts_retired_core_2: 20019289
  cycles_recorded_core_2: 77891727
  num_expected_insts: 20000000
  cycles_recorded_core_3: 78038348
  insts_retired_core_1: 259418761
  llc_eviction: 3736998
  llc_write_access: 1288183
  llc_write_misses: 1288029
  insts_retired_core_3: 20000003
  memory_access_cycles_recorded_core_2: 28497658
  llc_read_access: 4913273
  llc_read_misses: 4906364
  insts_retired_core_0: 259580476
  llc_mshr_unavailable: 2453243
  cycles_recorded_core_0: 5714175
  memory_access_cycles_recorded_core_0: 261084
  cycles_recorded_core_1: 5720852
  memory_access_cycles_recorded_core_1: 264665
  Translation:
    impl: RandomTranslation


MemorySystem:
  impl: GenericDRAM
  total_num_other_requests: 0
  total_num_write_requests: 671646
  total_num_read_requests: 3741091
  memory_system_cycles: 29264381
  DRAM:
    impl: DDR4
  AddrMapper:
    impl: RoBaRaCoCh
  Controller:
    impl: Generic
    id: Channel 0
    Scheduler:
      impl: BLISS
    RefreshManager:
      impl: AllBank
    ControllerPlugin:
      impl: BLISS



