[Ramulator::SimpleO3] [info] Processor Heartbeat 10000000 cycles.
[Ramulator::SimpleO3] [info] Processor Heartbeat 20000000 cycles.
[Ramulator::SimpleO3] [info] Processor Heartbeat 30000000 cycles.
[Ramulator::SimpleO3] [info] Processor Heartbeat 40000000 cycles.
[Ramulator::SimpleO3] [info] Processor Heartbeat 50000000 cycles.
[Ramulator::SimpleO3] [info] Processor Heartbeat 60000000 cycles.
[Ramulator::SimpleO3] [info] Processor Heartbeat 70000000 cycles.
[Ramulator::SimpleO3] [info] Processor Heartbeat 80000000 cycles.
[Ramulator::SimpleO3] [info] Processor Heartbeat 90000000 cycles.
[Ramulator::SimpleO3] [info] Processor Heartbeat 100000000 cycles.
[Ramulator::SimpleO3] [info] Processor Heartbeat 110000000 cycles.
[Ramulator::SimpleO3] [info] Processor Heartbeat 120000000 cycles.
[Ramulator::SimpleO3] [info] Processor Heartbeat 130000000 cycles.
[Ramulator::SimpleO3] [info] Processor Heartbeat 140000000 cycles.
[Ramulator::SimpleO3] [info] Processor Heartbeat 150000000 cycles.
[Ramulator::SimpleO3] [info] Processor Heartbeat 160000000 cycles.
[Ramulator::SimpleO3] [info] Processor Heartbeat 170000000 cycles.
[Ramulator::SimpleO3] [info] Processor Heartbeat 180000000 cycles.
[Ramulator::SimpleO3] [info] Processor Heartbeat 190000000 cycles.
[Ramulator::SimpleO3] [info] Processor Heartbeat 200000000 cycles.
[Ramulator::SimpleO3] [info] Processor Heartbeat 210000000 cycles.
[Ramulator::SimpleO3] [info] Processor Heartbeat 220000000 cycles.
[Ramulator::SimpleO3] [info] Processor Heartbeat 230000000 cycles.
[Ramulator::SimpleO3] [info] Processor Heartbeat 240000000 cycles.
[Ramulator::SimpleO3] [info] Processor Heartbeat 250000000 cycles.
Frontend:
  impl: SimpleO3
  memory_access_cycles_recorded_core_3: 92779421
  insts_retired_core_2: 20172847
  cycles_recorded_core_2: 246630705
  num_expected_insts: 20000000
  cycles_recorded_core_3: 251220161
  insts_retired_core_1: 533385542
  llc_eviction: 3900712
  llc_write_access: 11195709
  llc_write_misses: 11195578
  insts_retired_core_3: 20000003
  memory_access_cycles_recorded_core_2: 91356090
  llc_read_access: 32805367
  llc_read_misses: 32798628
  insts_retired_core_0: 533582130
  llc_mshr_unavailable: 40089334
  cycles_recorded_core_0: 7858652
  memory_access_cycles_recorded_core_0: 1064987
  cycles_recorded_core_1: 7857828
  memory_access_cycles_recorded_core_1: 1064120
  Translation:
    impl: RandomTranslation


MemorySystem:
  impl: GenericDRAM
  total_num_other_requests: 0
  total_num_write_requests: 691676
  total_num_read_requests: 3904797
  memory_system_cycles: 94207560
  DRAM:
    impl: DDR4
  AddrMapper:
    impl: RoBaRaCoCh
  Controller:
    impl: Generic
    id: Channel 0
    Scheduler:
      impl: FCFS
    RefreshManager:
      impl: AllBank



