[Ramulator::SimpleO3] [info] Processor Heartbeat 10000000 cycles.
[Ramulator::SimpleO3] [info] Processor Heartbeat 20000000 cycles.
[Ramulator::SimpleO3] [info] Processor Heartbeat 30000000 cycles.
[Ramulator::SimpleO3] [info] Processor Heartbeat 40000000 cycles.
[Ramulator::SimpleO3] [info] Processor Heartbeat 50000000 cycles.
[Ramulator::SimpleO3] [info] Processor Heartbeat 60000000 cycles.
[Ramulator::SimpleO3] [info] Processor Heartbeat 70000000 cycles.
[Ramulator::SimpleO3] [info] Processor Heartbeat 80000000 cycles.
[Ramulator::SimpleO3] [info] Processor Heartbeat 90000000 cycles.
[Ramulator::SimpleO3] [info] Processor Heartbeat 100000000 cycles.
[Ramulator::SimpleO3] [info] Processor Heartbeat 110000000 cycles.
[Ramulator::SimpleO3] [info] Processor Heartbeat 120000000 cycles.
[Ramulator::SimpleO3] [info] Processor Heartbeat 130000000 cycles.
[Ramulator::SimpleO3] [info] Processor Heartbeat 140000000 cycles.
[Ramulator::SimpleO3] [info] Processor Heartbeat 150000000 cycles.
[Ramulator::SimpleO3] [info] Processor Heartbeat 160000000 cycles.
[Ramulator::SimpleO3] [info] Processor Heartbeat 170000000 cycles.
[Ramulator::SimpleO3] [info] Processor Heartbeat 180000000 cycles.
[Ramulator::SimpleO3] [info] Processor Heartbeat 190000000 cycles.
[Ramulator::SimpleO3] [info] Processor Heartbeat 200000000 cycles.
[Ramulator::SimpleO3] [info] Processor Heartbeat 210000000 cycles.
[Ramulator::SimpleO3] [info] Processor Heartbeat 220000000 cycles.
[Ramulator::SimpleO3] [info] Processor Heartbeat 230000000 cycles.
[Ramulator::SimpleO3] [info] Processor Heartbeat 240000000 cycles.
[Ramulator::SimpleO3] [info] Processor Heartbeat 250000000 cycles.
[Ramulator::SimpleO3] [info] Processor Heartbeat 260000000 cycles.
[Ramulator::SimpleO3] [info] Processor Heartbeat 270000000 cycles.
[Ramulator::SimpleO3] [info] Processor Heartbeat 280000000 cycles.
[Ramulator::SimpleO3] [info] Processor Heartbeat 290000000 cycles.
[Ramulator::SimpleO3] [info] Processor Heartbeat 300000000 cycles.
[Ramulator::SimpleO3] [info] Processor Heartbeat 310000000 cycles.
[Ramulator::SimpleO3] [info] Processor Heartbeat 320000000 cycles.
[Ramulator::SimpleO3] [info] Processor Heartbeat 330000000 cycles.
[Ramulator::SimpleO3] [info] Processor Heartbeat 340000000 cycles.
[Ramulator::SimpleO3] [info] Processor Heartbeat 350000000 cycles.
[Ramulator::SimpleO3] [info] Processor Heartbeat 360000000 cycles.
[Ramulator::SimpleO3] [info] Processor Heartbeat 370000000 cycles.
[Ramulator::SimpleO3] [info] Processor Heartbeat 380000000 cycles.
[Ramulator::SimpleO3] [info] Processor Heartbeat 390000000 cycles.
[Ramulator::SimpleO3] [info] Processor Heartbeat 400000000 cycles.
[Ramulator::SimpleO3] [info] Processor Heartbeat 410000000 cycles.
[Ramulator::SimpleO3] [info] Processor Heartbeat 420000000 cycles.
[Ramulator::SimpleO3] [info] Processor Heartbeat 430000000 cycles.
[Ramulator::SimpleO3] [info] Processor Heartbeat 440000000 cycles.
[Ramulator::SimpleO3] [info] Processor Heartbeat 450000000 cycles.
[Ramulator::SimpleO3] [info] Processor Heartbeat 460000000 cycles.
[Ramulator::SimpleO3] [info] Processor Heartbeat 470000000 cycles.
[Ramulator::SimpleO3] [info] Processor Heartbeat 480000000 cycles.
[Ramulator::SimpleO3] [info] Processor Heartbeat 490000000 cycles.
[Ramulator::SimpleO3] [info] Processor Heartbeat 500000000 cycles.
[Ramulator::SimpleO3] [info] Processor Heartbeat 510000000 cycles.
[Ramulator::SimpleO3] [info] Processor Heartbeat 520000000 cycles.
[Ramulator::SimpleO3] [info] Processor Heartbeat 530000000 cycles.
[Ramulator::SimpleO3] [info] Processor Heartbeat 540000000 cycles.
[Ramulator::SimpleO3] [info] Processor Heartbeat 550000000 cycles.
[Ramulator::SimpleO3] [info] Processor Heartbeat 560000000 cycles.
[Ramulator::SimpleO3] [info] Processor Heartbeat 570000000 cycles.
Frontend:
  impl: SimpleO3
  memory_access_cycles_recorded_core_3: 168053858
  insts_retired_core_2: 24532088
  cycles_recorded_core_2: 467049097
  num_expected_insts: 20000000
  cycles_recorded_core_3: 575729319
  insts_retired_core_1: 26638508
  llc_eviction: 8885045
  llc_write_access: 136402968
  llc_write_misses: 136402750
  insts_retired_core_3: 20000003
  memory_access_cycles_recorded_core_2: 151822187
  llc_read_access: 551170929
  llc_read_misses: 551162435
  insts_retired_core_0: 27086770
  llc_mshr_unavailable: 678675898
  cycles_recorded_core_0: 421267609
  memory_access_cycles_recorded_core_0: 141308797
  cycles_recorded_core_1: 432571969
  memory_access_cycles_recorded_core_1: 145159337
  Translation:
    impl: RandomTranslation


MemorySystem:
  impl: GenericDRAM
  total_num_other_requests: 0
  total_num_write_requests: 1624018
  total_num_read_requests: 8889111
  memory_system_cycles: 215898495
  DRAM:
    impl: DDR4
  AddrMapper:
    impl: RoBaRaCoCh
  Controller:
    impl: Generic
    id: Channel 0
    Scheduler:
      impl: FCFS
    RefreshManager:
      impl: AllBank



