[Ramulator::SimpleO3] [info] Processor Heartbeat 10000000 cycles.
[Ramulator::SimpleO3] [info] Processor Heartbeat 20000000 cycles.
[Ramulator::SimpleO3] [info] Processor Heartbeat 30000000 cycles.
[Ramulator::SimpleO3] [info] Processor Heartbeat 40000000 cycles.
[Ramulator::SimpleO3] [info] Processor Heartbeat 50000000 cycles.
[Ramulator::SimpleO3] [info] Processor Heartbeat 60000000 cycles.
[Ramulator::SimpleO3] [info] Processor Heartbeat 70000000 cycles.
[Ramulator::SimpleO3] [info] Processor Heartbeat 80000000 cycles.
[Ramulator::SimpleO3] [info] Processor Heartbeat 90000000 cycles.
[Ramulator::SimpleO3] [info] Processor Heartbeat 100000000 cycles.
[Ramulator::SimpleO3] [info] Processor Heartbeat 110000000 cycles.
[Ramulator::SimpleO3] [info] Processor Heartbeat 120000000 cycles.
[Ramulator::SimpleO3] [info] Processor Heartbeat 130000000 cycles.
[Ramulator::SimpleO3] [info] Processor Heartbeat 140000000 cycles.
[Ramulator::SimpleO3] [info] Processor Heartbeat 150000000 cycles.
[Ramulator::SimpleO3] [info] Processor Heartbeat 160000000 cycles.
[Ramulator::SimpleO3] [info] Processor Heartbeat 170000000 cycles.
[Ramulator::SimpleO3] [info] Processor Heartbeat 180000000 cycles.
[Ramulator::SimpleO3] [info] Processor Heartbeat 190000000 cycles.
[Ramulator::SimpleO3] [info] Processor Heartbeat 200000000 cycles.
[Ramulator::SimpleO3] [info] Processor Heartbeat 210000000 cycles.
[Ramulator::SimpleO3] [info] Processor Heartbeat 220000000 cycles.
[Ramulator::SimpleO3] [info] Processor Heartbeat 230000000 cycles.
[Ramulator::SimpleO3] [info] Processor Heartbeat 240000000 cycles.
[Ramulator::SimpleO3] [info] Processor Heartbeat 250000000 cycles.
[Ramulator::SimpleO3] [info] Processor Heartbeat 260000000 cycles.
[Ramulator::SimpleO3] [info] Processor Heartbeat 270000000 cycles.
[Ramulator::SimpleO3] [info] Processor Heartbeat 280000000 cycles.
[Ramulator::SimpleO3] [info] Processor Heartbeat 290000000 cycles.
[Ramulator::SimpleO3] [info] Processor Heartbeat 300000000 cycles.
[Ramulator::SimpleO3] [info] Processor Heartbeat 310000000 cycles.
[Ramulator::SimpleO3] [info] Processor Heartbeat 320000000 cycles.
[Ramulator::SimpleO3] [info] Processor Heartbeat 330000000 cycles.
[Ramulator::SimpleO3] [info] Processor Heartbeat 340000000 cycles.
Frontend:
  impl: SimpleO3
  insts_retired_core_7: 20000003
  memory_access_cycles_recorded_core_7: 77446584
  memory_access_cycles_recorded_core_1: 79639472
  cycles_recorded_core_1: 259085314
  cycles_recorded_core_5: 286678194
  memory_access_cycles_recorded_core_0: 79443454
  insts_retired_core_6: 22327558
  cycles_recorded_core_0: 257767488
  memory_access_cycles_recorded_core_5: 76545252
  insts_retired_core_0: 26419524
  llc_read_misses: 440084003
  llc_read_access: 440102261
  memory_access_cycles_recorded_core_2: 79796398
  llc_write_misses: 83139848
  llc_write_access: 83140661
  llc_eviction: 17552646
  insts_retired_core_1: 26311661
  cycles_recorded_core_3: 265980455
  num_expected_insts: 20000000
  cycles_recorded_core_2: 261400256
  insts_retired_core_2: 26098201
  cycles_recorded_core_6: 311436439
  memory_access_cycles_recorded_core_3: 79662976
  llc_mshr_unavailable: 505662692
  cycles_recorded_core_4: 274243682
  memory_access_cycles_recorded_core_4: 79174793
  memory_access_cycles_recorded_core_6: 78068726
  insts_retired_core_4: 25024289
  insts_retired_core_5: 23847135
  insts_retired_core_3: 25719399
  cycles_recorded_core_7: 340782748
  Translation:
    impl: RandomTranslation


MemorySystem:
  impl: GenericDRAM
  total_num_other_requests: 0
  total_num_write_requests: 3193136
  total_num_read_requests: 17560789
  memory_system_cycles: 127793531
  DRAM:
    impl: DDR4
  AddrMapper:
    impl: RoBaRaCoCh
  Controller:
    impl: Generic
    id: Channel 0
    Scheduler:
      impl: FRFCFS
    RefreshManager:
      impl: AllBank



