[Ramulator::SimpleO3] [info] Processor Heartbeat 10000000 cycles.
[Ramulator::SimpleO3] [info] Processor Heartbeat 20000000 cycles.
[Ramulator::SimpleO3] [info] Processor Heartbeat 30000000 cycles.
[Ramulator::SimpleO3] [info] Processor Heartbeat 40000000 cycles.
[Ramulator::SimpleO3] [info] Processor Heartbeat 50000000 cycles.
[Ramulator::SimpleO3] [info] Processor Heartbeat 60000000 cycles.
[Ramulator::SimpleO3] [info] Processor Heartbeat 70000000 cycles.
[Ramulator::SimpleO3] [info] Processor Heartbeat 80000000 cycles.
[Ramulator::SimpleO3] [info] Processor Heartbeat 90000000 cycles.
[Ramulator::SimpleO3] [info] Processor Heartbeat 100000000 cycles.
[Ramulator::SimpleO3] [info] Processor Heartbeat 110000000 cycles.
[Ramulator::SimpleO3] [info] Processor Heartbeat 120000000 cycles.
[Ramulator::SimpleO3] [info] Processor Heartbeat 130000000 cycles.
[Ramulator::SimpleO3] [info] Processor Heartbeat 140000000 cycles.
[Ramulator::SimpleO3] [info] Processor Heartbeat 150000000 cycles.
[Ramulator::SimpleO3] [info] Processor Heartbeat 160000000 cycles.
[Ramulator::SimpleO3] [info] Processor Heartbeat 170000000 cycles.
[Ramulator::SimpleO3] [info] Processor Heartbeat 180000000 cycles.
[Ramulator::SimpleO3] [info] Processor Heartbeat 190000000 cycles.
[Ramulator::SimpleO3] [info] Processor Heartbeat 200000000 cycles.
[Ramulator::SimpleO3] [info] Processor Heartbeat 210000000 cycles.
[Ramulator::SimpleO3] [info] Processor Heartbeat 220000000 cycles.
[Ramulator::SimpleO3] [info] Processor Heartbeat 230000000 cycles.
[Ramulator::SimpleO3] [info] Processor Heartbeat 240000000 cycles.
[Ramulator::SimpleO3] [info] Processor Heartbeat 250000000 cycles.
[Ramulator::SimpleO3] [info] Processor Heartbeat 260000000 cycles.
[Ramulator::SimpleO3] [info] Processor Heartbeat 270000000 cycles.
[Ramulator::SimpleO3] [info] Processor Heartbeat 280000000 cycles.
[Ramulator::SimpleO3] [info] Processor Heartbeat 290000000 cycles.
[Ramulator::SimpleO3] [info] Processor Heartbeat 300000000 cycles.
[Ramulator::SimpleO3] [info] Processor Heartbeat 310000000 cycles.
[Ramulator::SimpleO3] [info] Processor Heartbeat 320000000 cycles.
Frontend:
  impl: SimpleO3
  memory_access_cycles_recorded_core_3: 99643466
  insts_retired_core_2: 24835021
  cycles_recorded_core_2: 248796652
  num_expected_insts: 20000000
  cycles_recorded_core_3: 302935336
  insts_retired_core_1: 20000003
  llc_eviction: 8446317
  llc_write_access: 30508667
  llc_write_misses: 30503405
  insts_retired_core_3: 23563453
  memory_access_cycles_recorded_core_2: 90822880
  llc_read_access: 100037842
  llc_read_misses: 100019516
  insts_retired_core_0: 24790950
  llc_mshr_unavailable: 122072371
  cycles_recorded_core_0: 275160265
  memory_access_cycles_recorded_core_0: 96843938
  cycles_recorded_core_1: 322451159
  memory_access_cycles_recorded_core_1: 116636205
  Translation:
    impl: RandomTranslation


MemorySystem:
  impl: GenericDRAM
  total_num_other_requests: 0
  total_num_write_requests: 1556196
  total_num_read_requests: 8450383
  memory_system_cycles: 120919185
  DRAM:
    impl: DDR4
  AddrMapper:
    impl: RoBaRaCoCh
  Controller:
    impl: Generic
    id: Channel 0
    Scheduler:
      impl: ATLAS
    RefreshManager:
      impl: AllBank
    ControllerPlugin:
      impl: ATLAS



