[Ramulator::SimpleO3] [info] Processor Heartbeat 10000000 cycles.
[Ramulator::SimpleO3] [info] Processor Heartbeat 20000000 cycles.
[Ramulator::SimpleO3] [info] Processor Heartbeat 30000000 cycles.
[Ramulator::SimpleO3] [info] Processor Heartbeat 40000000 cycles.
[Ramulator::SimpleO3] [info] Processor Heartbeat 50000000 cycles.
[Ramulator::SimpleO3] [info] Processor Heartbeat 60000000 cycles.
[Ramulator::SimpleO3] [info] Processor Heartbeat 70000000 cycles.
[Ramulator::SimpleO3] [info] Processor Heartbeat 80000000 cycles.
[Ramulator::SimpleO3] [info] Processor Heartbeat 90000000 cycles.
[Ramulator::SimpleO3] [info] Processor Heartbeat 100000000 cycles.
[Ramulator::SimpleO3] [info] Processor Heartbeat 110000000 cycles.
[Ramulator::SimpleO3] [info] Processor Heartbeat 120000000 cycles.
[Ramulator::SimpleO3] [info] Processor Heartbeat 130000000 cycles.
[Ramulator::SimpleO3] [info] Processor Heartbeat 140000000 cycles.
[Ramulator::SimpleO3] [info] Processor Heartbeat 150000000 cycles.
[Ramulator::SimpleO3] [info] Processor Heartbeat 160000000 cycles.
[Ramulator::SimpleO3] [info] Processor Heartbeat 170000000 cycles.
[Ramulator::SimpleO3] [info] Processor Heartbeat 180000000 cycles.
[Ramulator::SimpleO3] [info] Processor Heartbeat 190000000 cycles.
[Ramulator::SimpleO3] [info] Processor Heartbeat 200000000 cycles.
[Ramulator::SimpleO3] [info] Processor Heartbeat 210000000 cycles.
[Ramulator::SimpleO3] [info] Processor Heartbeat 220000000 cycles.
[Ramulator::SimpleO3] [info] Processor Heartbeat 230000000 cycles.
[Ramulator::SimpleO3] [info] Processor Heartbeat 240000000 cycles.
[Ramulator::SimpleO3] [info] Processor Heartbeat 250000000 cycles.
[Ramulator::SimpleO3] [info] Processor Heartbeat 260000000 cycles.
[Ramulator::SimpleO3] [info] Processor Heartbeat 270000000 cycles.
[Ramulator::SimpleO3] [info] Processor Heartbeat 280000000 cycles.
[Ramulator::SimpleO3] [info] Processor Heartbeat 290000000 cycles.
[Ramulator::SimpleO3] [info] Processor Heartbeat 300000000 cycles.
[Ramulator::SimpleO3] [info] Processor Heartbeat 310000000 cycles.
[Ramulator::SimpleO3] [info] Processor Heartbeat 320000000 cycles.
[Ramulator::SimpleO3] [info] Processor Heartbeat 330000000 cycles.
[Ramulator::SimpleO3] [info] Processor Heartbeat 340000000 cycles.
[Ramulator::SimpleO3] [info] Processor Heartbeat 350000000 cycles.
[Ramulator::SimpleO3] [info] Processor Heartbeat 360000000 cycles.
[Ramulator::SimpleO3] [info] Processor Heartbeat 370000000 cycles.
[Ramulator::SimpleO3] [info] Processor Heartbeat 380000000 cycles.
[Ramulator::SimpleO3] [info] Processor Heartbeat 390000000 cycles.
[Ramulator::SimpleO3] [info] Processor Heartbeat 400000000 cycles.
[Ramulator::SimpleO3] [info] Processor Heartbeat 410000000 cycles.
[Ramulator::SimpleO3] [info] Processor Heartbeat 420000000 cycles.
[Ramulator::SimpleO3] [info] Processor Heartbeat 430000000 cycles.
[Ramulator::SimpleO3] [info] Processor Heartbeat 440000000 cycles.
[Ramulator::SimpleO3] [info] Processor Heartbeat 450000000 cycles.
[Ramulator::SimpleO3] [info] Processor Heartbeat 460000000 cycles.
[Ramulator::SimpleO3] [info] Processor Heartbeat 470000000 cycles.
[Ramulator::SimpleO3] [info] Processor Heartbeat 480000000 cycles.
[Ramulator::SimpleO3] [info] Processor Heartbeat 490000000 cycles.
[Ramulator::SimpleO3] [info] Processor Heartbeat 500000000 cycles.
[Ramulator::SimpleO3] [info] Processor Heartbeat 510000000 cycles.
[Ramulator::SimpleO3] [info] Processor Heartbeat 520000000 cycles.
[Ramulator::SimpleO3] [info] Processor Heartbeat 530000000 cycles.
[Ramulator::SimpleO3] [info] Processor Heartbeat 540000000 cycles.
[Ramulator::SimpleO3] [info] Processor Heartbeat 550000000 cycles.
[Ramulator::SimpleO3] [info] Processor Heartbeat 560000000 cycles.
[Ramulator::SimpleO3] [info] Processor Heartbeat 570000000 cycles.
[Ramulator::SimpleO3] [info] Processor Heartbeat 580000000 cycles.
[Ramulator::SimpleO3] [info] Processor Heartbeat 590000000 cycles.
[Ramulator::SimpleO3] [info] Processor Heartbeat 600000000 cycles.
[Ramulator::SimpleO3] [info] Processor Heartbeat 610000000 cycles.
[Ramulator::SimpleO3] [info] Processor Heartbeat 620000000 cycles.
[Ramulator::SimpleO3] [info] Processor Heartbeat 630000000 cycles.
[Ramulator::SimpleO3] [info] Processor Heartbeat 640000000 cycles.
[Ramulator::SimpleO3] [info] Processor Heartbeat 650000000 cycles.
[Ramulator::SimpleO3] [info] Processor Heartbeat 660000000 cycles.
[Ramulator::SimpleO3] [info] Processor Heartbeat 670000000 cycles.
[Ramulator::SimpleO3] [info] Processor Heartbeat 680000000 cycles.
[Ramulator::SimpleO3] [info] Processor Heartbeat 690000000 cycles.
[Ramulator::SimpleO3] [info] Processor Heartbeat 700000000 cycles.
[Ramulator::SimpleO3] [info] Processor Heartbeat 710000000 cycles.
[Ramulator::SimpleO3] [info] Processor Heartbeat 720000000 cycles.
[Ramulator::SimpleO3] [info] Processor Heartbeat 730000000 cycles.
[Ramulator::SimpleO3] [info] Processor Heartbeat 740000000 cycles.
[Ramulator::SimpleO3] [info] Processor Heartbeat 750000000 cycles.
[Ramulator::SimpleO3] [info] Processor Heartbeat 760000000 cycles.
[Ramulator::SimpleO3] [info] Processor Heartbeat 770000000 cycles.
[Ramulator::SimpleO3] [info] Processor Heartbeat 780000000 cycles.
[Ramulator::SimpleO3] [info] Processor Heartbeat 790000000 cycles.
[Ramulator::SimpleO3] [info] Processor Heartbeat 800000000 cycles.
[Ramulator::SimpleO3] [info] Processor Heartbeat 810000000 cycles.
[Ramulator::SimpleO3] [info] Processor Heartbeat 820000000 cycles.
Frontend:
  impl: SimpleO3
  insts_retired_core_7: 20000003
  memory_access_cycles_recorded_core_7: 109949272
  memory_access_cycles_recorded_core_1: 156512299
  cycles_recorded_core_1: 716820009
  cycles_recorded_core_5: 757734287
  memory_access_cycles_recorded_core_0: 158726389
  insts_retired_core_6: 20615099
  cycles_recorded_core_0: 724871356
  memory_access_cycles_recorded_core_5: 134285785
  insts_retired_core_0: 22958507
  llc_read_misses: 928922386
  llc_read_access: 928944645
  memory_access_cycles_recorded_core_2: 144192751
  llc_write_misses: 173477598
  llc_write_access: 173478684
  llc_eviction: 15853696
  insts_retired_core_1: 23248908
  cycles_recorded_core_3: 723739887
  num_expected_insts: 20000000
  cycles_recorded_core_2: 710021023
  insts_retired_core_2: 22855988
  cycles_recorded_core_6: 784176439
  memory_access_cycles_recorded_core_3: 152081083
  llc_mshr_unavailable: 1086537765
  cycles_recorded_core_4: 733191215
  memory_access_cycles_recorded_core_4: 145829864
  memory_access_cycles_recorded_core_6: 106951345
  insts_retired_core_4: 21669992
  insts_retired_core_5: 21986572
  insts_retired_core_3: 23290703
  cycles_recorded_core_7: 827448540
  Translation:
    impl: RandomTranslation


MemorySystem:
  impl: GenericDRAM
  total_num_other_requests: 0
  total_num_write_requests: 2893132
  total_num_read_requests: 15861798
  memory_system_cycles: 310293203
  DRAM:
    impl: DDR4
  AddrMapper:
    impl: RoBaRaCoCh
  Controller:
    impl: Generic
    id: Channel 0
    Scheduler:
      impl: ATLAS
    RefreshManager:
      impl: AllBank
    ControllerPlugin:
      impl: ATLAS



