[Ramulator::SimpleO3] [info] Processor Heartbeat 10000000 cycles.
[Ramulator::SimpleO3] [info] Processor Heartbeat 20000000 cycles.
[Ramulator::SimpleO3] [info] Processor Heartbeat 30000000 cycles.
[Ramulator::SimpleO3] [info] Processor Heartbeat 40000000 cycles.
[Ramulator::SimpleO3] [info] Processor Heartbeat 50000000 cycles.
[Ramulator::SimpleO3] [info] Processor Heartbeat 60000000 cycles.
[Ramulator::SimpleO3] [info] Processor Heartbeat 70000000 cycles.
[Ramulator::SimpleO3] [info] Processor Heartbeat 80000000 cycles.
[Ramulator::SimpleO3] [info] Processor Heartbeat 90000000 cycles.
[Ramulator::SimpleO3] [info] Processor Heartbeat 100000000 cycles.
[Ramulator::SimpleO3] [info] Processor Heartbeat 110000000 cycles.
Frontend:
  impl: SimpleO3
  memory_access_cycles_recorded_core_3: 32476366
  insts_retired_core_2: 20000003
  cycles_recorded_core_2: 115108764
  num_expected_insts: 20000000
  cycles_recorded_core_3: 88457780
  insts_retired_core_1: 396936984
  llc_eviction: 4317378
  llc_write_access: 1608221
  llc_write_misses: 1606216
  insts_retired_core_3: 26208375
  memory_access_cycles_recorded_core_2: 42386786
  llc_read_access: 5877777
  llc_read_misses: 5867466
  insts_retired_core_0: 396907035
  llc_mshr_unavailable: 3152141
  cycles_recorded_core_0: 5832503
  memory_access_cycles_recorded_core_0: 305642
  cycles_recorded_core_1: 5844052
  memory_access_cycles_recorded_core_1: 309516
  Translation:
    impl: RandomTranslation


MemorySystem:
  impl: GenericDRAM
  total_num_other_requests: 0
  total_num_write_requests: 766099
  total_num_read_requests: 4321468
  memory_system_cycles: 43165787
  DRAM:
    impl: DDR4
  AddrMapper:
    impl: RoBaRaCoCh
  Controller:
    impl: Generic
    id: Channel 0
    Scheduler:
      impl: ATLAS
    RefreshManager:
      impl: AllBank
    ControllerPlugin:
      impl: ATLAS



