[Ramulator::SimpleO3] [info] Processor Heartbeat 10000000 cycles.
[Ramulator::SimpleO3] [info] Processor Heartbeat 20000000 cycles.
[Ramulator::SimpleO3] [info] Processor Heartbeat 30000000 cycles.
[Ramulator::SimpleO3] [info] Processor Heartbeat 40000000 cycles.
[Ramulator::SimpleO3] [info] Processor Heartbeat 50000000 cycles.
Frontend:
  impl: SimpleO3
  memory_access_cycles_recorded_core_3: 18195326
  insts_retired_core_2: 178326144
  cycles_recorded_core_2: 5623289
  num_expected_insts: 20000000
  cycles_recorded_core_3: 50145631
  insts_retired_core_1: 178362865
  llc_eviction: 1927294
  llc_write_access: 341980
  llc_write_misses: 340009
  insts_retired_core_3: 20000003
  memory_access_cycles_recorded_core_2: 228825
  llc_read_access: 1597435
  llc_read_misses: 1591403
  insts_retired_core_0: 178392386
  llc_mshr_unavailable: 0
  cycles_recorded_core_0: 5599300
  memory_access_cycles_recorded_core_0: 219776
  cycles_recorded_core_1: 5588663
  memory_access_cycles_recorded_core_1: 215122
  Translation:
    impl: RandomTranslation


MemorySystem:
  impl: GenericDRAM
  total_num_other_requests: 0
  total_num_write_requests: 340822
  total_num_read_requests: 1931384
  memory_system_cycles: 18804612
  DRAM:
    impl: DDR4
  AddrMapper:
    impl: RoBaRaCoCh
  Controller:
    impl: Generic
    id: Channel 0
    Scheduler:
      impl: BLISS
    RefreshManager:
      impl: AllBank
    ControllerPlugin:
      impl: BLISS



