[Ramulator::SimpleO3] [info] Processor Heartbeat 10000000 cycles.
[Ramulator::SimpleO3] [info] Processor Heartbeat 20000000 cycles.
[Ramulator::SimpleO3] [info] Processor Heartbeat 30000000 cycles.
[Ramulator::SimpleO3] [info] Processor Heartbeat 40000000 cycles.
Frontend:
  impl: SimpleO3
  memory_access_cycles_recorded_core_0: 17605287
  cycles_recorded_core_0: 48510701
  llc_mshr_unavailable: 16946886
  insts_retired_core_0: 20000001
  llc_read_misses: 13754875
  llc_read_access: 13756779
  llc_write_misses: 4998924
  llc_write_access: 4998929
  llc_eviction: 1805865
  num_expected_insts: 20000000
  Translation:
    impl: RandomTranslation


MemorySystem:
  impl: GenericDRAM
  total_num_other_requests: 0
  total_num_write_requests: 330750
  total_num_read_requests: 1806885
  memory_system_cycles: 18191513
  DRAM:
    impl: DDR4
  AddrMapper:
    impl: RoBaRaCoCh
  Controller:
    impl: Generic
    id: Channel 0
    Scheduler:
      impl: BLISS
    RefreshManager:
      impl: AllBank
    ControllerPlugin:
      impl: BLISS



