[Ramulator::SimpleO3] [info] Processor Heartbeat 10000000 cycles.
[Ramulator::SimpleO3] [info] Processor Heartbeat 20000000 cycles.
[Ramulator::SimpleO3] [info] Processor Heartbeat 30000000 cycles.
[Ramulator::SimpleO3] [info] Processor Heartbeat 40000000 cycles.
[Ramulator::SimpleO3] [info] Processor Heartbeat 50000000 cycles.
[Ramulator::SimpleO3] [info] Processor Heartbeat 60000000 cycles.
[Ramulator::SimpleO3] [info] Processor Heartbeat 70000000 cycles.
[Ramulator::SimpleO3] [info] Processor Heartbeat 80000000 cycles.
[Ramulator::SimpleO3] [info] Processor Heartbeat 90000000 cycles.
[Ramulator::SimpleO3] [info] Processor Heartbeat 100000000 cycles.
[Ramulator::SimpleO3] [info] Processor Heartbeat 110000000 cycles.
[Ramulator::SimpleO3] [info] Processor Heartbeat 120000000 cycles.
[Ramulator::SimpleO3] [info] Processor Heartbeat 130000000 cycles.
[Ramulator::SimpleO3] [info] Processor Heartbeat 140000000 cycles.
[Ramulator::SimpleO3] [info] Processor Heartbeat 150000000 cycles.
Frontend:
  impl: SimpleO3
  memory_access_cycles_recorded_core_3: 49386312
  insts_retired_core_2: 21906981
  cycles_recorded_core_2: 142340378
  num_expected_insts: 20000000
  cycles_recorded_core_3: 153374207
  insts_retired_core_1: 22895833
  llc_eviction: 7848452
  llc_write_access: 24336149
  llc_write_misses: 24335966
  insts_retired_core_3: 20000003
  memory_access_cycles_recorded_core_2: 50525057
  llc_read_access: 103378546
  llc_read_misses: 103370998
  insts_retired_core_0: 23078127
  llc_mshr_unavailable: 119854279
  cycles_recorded_core_0: 133964191
  memory_access_cycles_recorded_core_0: 48578388
  cycles_recorded_core_1: 135738025
  memory_access_cycles_recorded_core_1: 49144381
  Translation:
    impl: RandomTranslation


MemorySystem:
  impl: GenericDRAM
  total_num_other_requests: 0
  total_num_write_requests: 1423585
  total_num_read_requests: 7852527
  memory_system_cycles: 57515328
  DRAM:
    impl: DDR4
  AddrMapper:
    impl: RoBaRaCoCh
  Controller:
    impl: Generic
    id: Channel 0
    Scheduler:
      impl: BLISS
    RefreshManager:
      impl: AllBank
    ControllerPlugin:
      impl: BLISS



