[Ramulator::SimpleO3] [info] Processor Heartbeat 10000000 cycles.
[Ramulator::SimpleO3] [info] Processor Heartbeat 20000000 cycles.
[Ramulator::SimpleO3] [info] Processor Heartbeat 30000000 cycles.
[Ramulator::SimpleO3] [info] Processor Heartbeat 40000000 cycles.
[Ramulator::SimpleO3] [info] Processor Heartbeat 50000000 cycles.
[Ramulator::SimpleO3] [info] Processor Heartbeat 60000000 cycles.
[Ramulator::SimpleO3] [info] Processor Heartbeat 70000000 cycles.
[Ramulator::SimpleO3] [info] Processor Heartbeat 80000000 cycles.
[Ramulator::SimpleO3] [info] Processor Heartbeat 90000000 cycles.
[Ramulator::SimpleO3] [info] Processor Heartbeat 100000000 cycles.
[Ramulator::SimpleO3] [info] Processor Heartbeat 110000000 cycles.
[Ramulator::SimpleO3] [info] Processor Heartbeat 120000000 cycles.
[Ramulator::SimpleO3] [info] Processor Heartbeat 130000000 cycles.
[Ramulator::SimpleO3] [info] Processor Heartbeat 140000000 cycles.
[Ramulator::SimpleO3] [info] Processor Heartbeat 150000000 cycles.
[Ramulator::SimpleO3] [info] Processor Heartbeat 160000000 cycles.
[Ramulator::SimpleO3] [info] Processor Heartbeat 170000000 cycles.
[Ramulator::SimpleO3] [info] Processor Heartbeat 180000000 cycles.
[Ramulator::SimpleO3] [info] Processor Heartbeat 190000000 cycles.
[Ramulator::SimpleO3] [info] Processor Heartbeat 200000000 cycles.
[Ramulator::SimpleO3] [info] Processor Heartbeat 210000000 cycles.
[Ramulator::SimpleO3] [info] Processor Heartbeat 220000000 cycles.
[Ramulator::SimpleO3] [info] Processor Heartbeat 230000000 cycles.
[Ramulator::SimpleO3] [info] Processor Heartbeat 240000000 cycles.
[Ramulator::SimpleO3] [info] Processor Heartbeat 250000000 cycles.
[Ramulator::SimpleO3] [info] Processor Heartbeat 260000000 cycles.
[Ramulator::SimpleO3] [info] Processor Heartbeat 270000000 cycles.
[Ramulator::SimpleO3] [info] Processor Heartbeat 280000000 cycles.
[Ramulator::SimpleO3] [info] Processor Heartbeat 290000000 cycles.
[Ramulator::SimpleO3] [info] Processor Heartbeat 300000000 cycles.
[Ramulator::SimpleO3] [info] Processor Heartbeat 310000000 cycles.
[Ramulator::SimpleO3] [info] Processor Heartbeat 320000000 cycles.
[Ramulator::SimpleO3] [info] Processor Heartbeat 330000000 cycles.
[Ramulator::SimpleO3] [info] Processor Heartbeat 340000000 cycles.
[Ramulator::SimpleO3] [info] Processor Heartbeat 350000000 cycles.
Frontend:
  impl: SimpleO3
  insts_retired_core_7: 20000001
  memory_access_cycles_recorded_core_7: 79269910
  memory_access_cycles_recorded_core_1: 82455715
  cycles_recorded_core_1: 268078245
  cycles_recorded_core_5: 296837985
  memory_access_cycles_recorded_core_0: 82092934
  insts_retired_core_6: 22362701
  cycles_recorded_core_0: 266624253
  memory_access_cycles_recorded_core_5: 79762867
  insts_retired_core_0: 26501913
  llc_read_misses: 464935346
  llc_read_access: 464953804
  memory_access_cycles_recorded_core_2: 82856705
  llc_write_misses: 86410705
  llc_write_access: 86411473
  llc_eviction: 17594634
  insts_retired_core_1: 26416336
  cycles_recorded_core_3: 275208113
  num_expected_insts: 20000000
  cycles_recorded_core_2: 270518604
  insts_retired_core_2: 26201680
  cycles_recorded_core_6: 324010061
  memory_access_cycles_recorded_core_3: 82827541
  llc_mshr_unavailable: 533742923
  cycles_recorded_core_4: 283693913
  memory_access_cycles_recorded_core_4: 82306839
  memory_access_cycles_recorded_core_6: 80848422
  insts_retired_core_4: 25140838
  insts_retired_core_5: 23898048
  insts_retired_core_3: 25827907
  cycles_recorded_core_7: 353851061
  Translation:
    impl: RandomTranslation


MemorySystem:
  impl: GenericDRAM
  total_num_other_requests: 0
  total_num_write_requests: 3197083
  total_num_read_requests: 17602737
  memory_system_cycles: 132694148
  DRAM:
    impl: DDR4
  AddrMapper:
    impl: RoBaRaCoCh
  Controller:
    impl: Generic
    id: Channel 0
    Scheduler:
      impl: BLISS
    RefreshManager:
      impl: AllBank
    ControllerPlugin:
      impl: BLISS



