[Ramulator::SimpleO3] [info] Processor Heartbeat 10000000 cycles.
[Ramulator::SimpleO3] [info] Processor Heartbeat 20000000 cycles.
[Ramulator::SimpleO3] [info] Processor Heartbeat 30000000 cycles.
[Ramulator::SimpleO3] [info] Processor Heartbeat 40000000 cycles.
[Ramulator::SimpleO3] [info] Processor Heartbeat 50000000 cycles.
[Ramulator::SimpleO3] [info] Processor Heartbeat 60000000 cycles.
[Ramulator::SimpleO3] [info] Processor Heartbeat 70000000 cycles.
Frontend:
  impl: SimpleO3
  memory_access_cycles_recorded_core_3: 28530809
  insts_retired_core_2: 20022217
  cycles_recorded_core_2: 77827236
  num_expected_insts: 20000000
  cycles_recorded_core_3: 77999071
  insts_retired_core_1: 259072069
  llc_eviction: 3737464
  llc_write_access: 1308240
  llc_write_misses: 1308105
  insts_retired_core_3: 20000003
  memory_access_cycles_recorded_core_2: 28480371
  llc_read_access: 4820019
  llc_read_misses: 4813157
  insts_retired_core_0: 259243474
  llc_mshr_unavailable: 2379637
  cycles_recorded_core_0: 5735057
  memory_access_cycles_recorded_core_0: 270009
  cycles_recorded_core_1: 5733329
  memory_access_cycles_recorded_core_1: 268912
  Translation:
    impl: RandomTranslation


MemorySystem:
  impl: GenericDRAM
  total_num_other_requests: 0
  total_num_write_requests: 671799
  total_num_read_requests: 3741557
  memory_system_cycles: 29249652
  DRAM:
    impl: DDR4
  AddrMapper:
    impl: RoBaRaCoCh
  Controller:
    impl: Generic
    id: Channel 0
    Scheduler:
      impl: BLISS
    RefreshManager:
      impl: AllBank
    ControllerPlugin:
      impl: BLISS



