[Ramulator::SimpleO3] [info] Processor Heartbeat 10000000 cycles.
[Ramulator::SimpleO3] [info] Processor Heartbeat 20000000 cycles.
[Ramulator::SimpleO3] [info] Processor Heartbeat 30000000 cycles.
[Ramulator::SimpleO3] [info] Processor Heartbeat 40000000 cycles.
[Ramulator::SimpleO3] [info] Processor Heartbeat 50000000 cycles.
[Ramulator::SimpleO3] [info] Processor Heartbeat 60000000 cycles.
[Ramulator::SimpleO3] [info] Processor Heartbeat 70000000 cycles.
[Ramulator::SimpleO3] [info] Processor Heartbeat 80000000 cycles.
[Ramulator::SimpleO3] [info] Processor Heartbeat 90000000 cycles.
[Ramulator::SimpleO3] [info] Processor Heartbeat 100000000 cycles.
[Ramulator::SimpleO3] [info] Processor Heartbeat 110000000 cycles.
[Ramulator::SimpleO3] [info] Processor Heartbeat 120000000 cycles.
[Ramulator::SimpleO3] [info] Processor Heartbeat 130000000 cycles.
[Ramulator::SimpleO3] [info] Processor Heartbeat 140000000 cycles.
[Ramulator::SimpleO3] [info] Processor Heartbeat 150000000 cycles.
[Ramulator::SimpleO3] [info] Processor Heartbeat 160000000 cycles.
[Ramulator::SimpleO3] [info] Processor Heartbeat 170000000 cycles.
[Ramulator::SimpleO3] [info] Processor Heartbeat 180000000 cycles.
[Ramulator::SimpleO3] [info] Processor Heartbeat 190000000 cycles.
[Ramulator::SimpleO3] [info] Processor Heartbeat 200000000 cycles.
[Ramulator::SimpleO3] [info] Processor Heartbeat 210000000 cycles.
[Ramulator::SimpleO3] [info] Processor Heartbeat 220000000 cycles.
[Ramulator::SimpleO3] [info] Processor Heartbeat 230000000 cycles.
[Ramulator::SimpleO3] [info] Processor Heartbeat 240000000 cycles.
[Ramulator::SimpleO3] [info] Processor Heartbeat 250000000 cycles.
[Ramulator::SimpleO3] [info] Processor Heartbeat 260000000 cycles.
[Ramulator::SimpleO3] [info] Processor Heartbeat 270000000 cycles.
[Ramulator::SimpleO3] [info] Processor Heartbeat 280000000 cycles.
[Ramulator::SimpleO3] [info] Processor Heartbeat 290000000 cycles.
[Ramulator::SimpleO3] [info] Processor Heartbeat 300000000 cycles.
[Ramulator::SimpleO3] [info] Processor Heartbeat 310000000 cycles.
[Ramulator::SimpleO3] [info] Processor Heartbeat 320000000 cycles.
[Ramulator::SimpleO3] [info] Processor Heartbeat 330000000 cycles.
[Ramulator::SimpleO3] [info] Processor Heartbeat 340000000 cycles.
[Ramulator::SimpleO3] [info] Processor Heartbeat 350000000 cycles.
[Ramulator::SimpleO3] [info] Processor Heartbeat 360000000 cycles.
[Ramulator::SimpleO3] [info] Processor Heartbeat 370000000 cycles.
[Ramulator::SimpleO3] [info] Processor Heartbeat 380000000 cycles.
Frontend:
  impl: SimpleO3
  memory_access_cycles_recorded_core_3: 128391385
  insts_retired_core_2: 21465699
  cycles_recorded_core_2: 354339081
  num_expected_insts: 20000000
  cycles_recorded_core_3: 380503065
  insts_retired_core_1: 21869212
  llc_eviction: 5889091
  llc_write_access: 43507954
  llc_write_misses: 43507794
  insts_retired_core_3: 20000003
  memory_access_cycles_recorded_core_2: 126478885
  llc_read_access: 154973972
  llc_read_misses: 154966818
  insts_retired_core_0: 716728543
  llc_mshr_unavailable: 192581325
  cycles_recorded_core_0: 8986031
  memory_access_cycles_recorded_core_0: 1404283
  cycles_recorded_core_1: 346299279
  memory_access_cycles_recorded_core_1: 123679624
  Translation:
    impl: RandomTranslation


MemorySystem:
  impl: GenericDRAM
  total_num_other_requests: 0
  total_num_write_requests: 1063377
  total_num_read_requests: 5893174
  memory_system_cycles: 142688649
  DRAM:
    impl: DDR4
  AddrMapper:
    impl: RoBaRaCoCh
  Controller:
    impl: Generic
    id: Channel 0
    Scheduler:
      impl: FCFS
    RefreshManager:
      impl: AllBank



