[Ramulator::SimpleO3] [info] Processor Heartbeat 10000000 cycles.
[Ramulator::SimpleO3] [info] Processor Heartbeat 20000000 cycles.
[Ramulator::SimpleO3] [info] Processor Heartbeat 30000000 cycles.
[Ramulator::SimpleO3] [info] Processor Heartbeat 40000000 cycles.
[Ramulator::SimpleO3] [info] Processor Heartbeat 50000000 cycles.
[Ramulator::SimpleO3] [info] Processor Heartbeat 60000000 cycles.
[Ramulator::SimpleO3] [info] Processor Heartbeat 70000000 cycles.
[Ramulator::SimpleO3] [info] Processor Heartbeat 80000000 cycles.
[Ramulator::SimpleO3] [info] Processor Heartbeat 90000000 cycles.
[Ramulator::SimpleO3] [info] Processor Heartbeat 100000000 cycles.
[Ramulator::SimpleO3] [info] Processor Heartbeat 110000000 cycles.
[Ramulator::SimpleO3] [info] Processor Heartbeat 120000000 cycles.
[Ramulator::SimpleO3] [info] Processor Heartbeat 130000000 cycles.
[Ramulator::SimpleO3] [info] Processor Heartbeat 140000000 cycles.
[Ramulator::SimpleO3] [info] Processor Heartbeat 150000000 cycles.
[Ramulator::SimpleO3] [info] Processor Heartbeat 160000000 cycles.
[Ramulator::SimpleO3] [info] Processor Heartbeat 170000000 cycles.
[Ramulator::SimpleO3] [info] Processor Heartbeat 180000000 cycles.
[Ramulator::SimpleO3] [info] Processor Heartbeat 190000000 cycles.
[Ramulator::SimpleO3] [info] Processor Heartbeat 200000000 cycles.
[Ramulator::SimpleO3] [info] Processor Heartbeat 210000000 cycles.
[Ramulator::SimpleO3] [info] Processor Heartbeat 220000000 cycles.
[Ramulator::SimpleO3] [info] Processor Heartbeat 230000000 cycles.
[Ramulator::SimpleO3] [info] Processor Heartbeat 240000000 cycles.
[Ramulator::SimpleO3] [info] Processor Heartbeat 250000000 cycles.
[Ramulator::SimpleO3] [info] Processor Heartbeat 260000000 cycles.
[Ramulator::SimpleO3] [info] Processor Heartbeat 270000000 cycles.
[Ramulator::SimpleO3] [info] Processor Heartbeat 280000000 cycles.
[Ramulator::SimpleO3] [info] Processor Heartbeat 290000000 cycles.
[Ramulator::SimpleO3] [info] Processor Heartbeat 300000000 cycles.
[Ramulator::SimpleO3] [info] Processor Heartbeat 310000000 cycles.
[Ramulator::SimpleO3] [info] Processor Heartbeat 320000000 cycles.
[Ramulator::SimpleO3] [info] Processor Heartbeat 330000000 cycles.
[Ramulator::SimpleO3] [info] Processor Heartbeat 340000000 cycles.
[Ramulator::SimpleO3] [info] Processor Heartbeat 350000000 cycles.
[Ramulator::SimpleO3] [info] Processor Heartbeat 360000000 cycles.
[Ramulator::SimpleO3] [info] Processor Heartbeat 370000000 cycles.
[Ramulator::SimpleO3] [info] Processor Heartbeat 380000000 cycles.
[Ramulator::SimpleO3] [info] Processor Heartbeat 390000000 cycles.
[Ramulator::SimpleO3] [info] Processor Heartbeat 400000000 cycles.
[Ramulator::SimpleO3] [info] Processor Heartbeat 410000000 cycles.
[Ramulator::SimpleO3] [info] Processor Heartbeat 420000000 cycles.
[Ramulator::SimpleO3] [info] Processor Heartbeat 430000000 cycles.
[Ramulator::SimpleO3] [info] Processor Heartbeat 440000000 cycles.
[Ramulator::SimpleO3] [info] Processor Heartbeat 450000000 cycles.
[Ramulator::SimpleO3] [info] Processor Heartbeat 460000000 cycles.
[Ramulator::SimpleO3] [info] Processor Heartbeat 470000000 cycles.
[Ramulator::SimpleO3] [info] Processor Heartbeat 480000000 cycles.
[Ramulator::SimpleO3] [info] Processor Heartbeat 490000000 cycles.
[Ramulator::SimpleO3] [info] Processor Heartbeat 500000000 cycles.
[Ramulator::SimpleO3] [info] Processor Heartbeat 510000000 cycles.
[Ramulator::SimpleO3] [info] Processor Heartbeat 520000000 cycles.
[Ramulator::SimpleO3] [info] Processor Heartbeat 530000000 cycles.
[Ramulator::SimpleO3] [info] Processor Heartbeat 540000000 cycles.
[Ramulator::SimpleO3] [info] Processor Heartbeat 550000000 cycles.
[Ramulator::SimpleO3] [info] Processor Heartbeat 560000000 cycles.
[Ramulator::SimpleO3] [info] Processor Heartbeat 570000000 cycles.
[Ramulator::SimpleO3] [info] Processor Heartbeat 580000000 cycles.
[Ramulator::SimpleO3] [info] Processor Heartbeat 590000000 cycles.
[Ramulator::SimpleO3] [info] Processor Heartbeat 600000000 cycles.
[Ramulator::SimpleO3] [info] Processor Heartbeat 610000000 cycles.
[Ramulator::SimpleO3] [info] Processor Heartbeat 620000000 cycles.
[Ramulator::SimpleO3] [info] Processor Heartbeat 630000000 cycles.
[Ramulator::SimpleO3] [info] Processor Heartbeat 640000000 cycles.
[Ramulator::SimpleO3] [info] Processor Heartbeat 650000000 cycles.
[Ramulator::SimpleO3] [info] Processor Heartbeat 660000000 cycles.
[Ramulator::SimpleO3] [info] Processor Heartbeat 670000000 cycles.
[Ramulator::SimpleO3] [info] Processor Heartbeat 680000000 cycles.
[Ramulator::SimpleO3] [info] Processor Heartbeat 690000000 cycles.
[Ramulator::SimpleO3] [info] Processor Heartbeat 700000000 cycles.
[Ramulator::SimpleO3] [info] Processor Heartbeat 710000000 cycles.
[Ramulator::SimpleO3] [info] Processor Heartbeat 720000000 cycles.
[Ramulator::SimpleO3] [info] Processor Heartbeat 730000000 cycles.
[Ramulator::SimpleO3] [info] Processor Heartbeat 740000000 cycles.
[Ramulator::SimpleO3] [info] Processor Heartbeat 750000000 cycles.
[Ramulator::SimpleO3] [info] Processor Heartbeat 760000000 cycles.
[Ramulator::SimpleO3] [info] Processor Heartbeat 770000000 cycles.
[Ramulator::SimpleO3] [info] Processor Heartbeat 780000000 cycles.
[Ramulator::SimpleO3] [info] Processor Heartbeat 790000000 cycles.
[Ramulator::SimpleO3] [info] Processor Heartbeat 800000000 cycles.
[Ramulator::SimpleO3] [info] Processor Heartbeat 810000000 cycles.
[Ramulator::SimpleO3] [info] Processor Heartbeat 820000000 cycles.
[Ramulator::SimpleO3] [info] Processor Heartbeat 830000000 cycles.
[Ramulator::SimpleO3] [info] Processor Heartbeat 840000000 cycles.
[Ramulator::SimpleO3] [info] Processor Heartbeat 850000000 cycles.
[Ramulator::SimpleO3] [info] Processor Heartbeat 860000000 cycles.
[Ramulator::SimpleO3] [info] Processor Heartbeat 870000000 cycles.
[Ramulator::SimpleO3] [info] Processor Heartbeat 880000000 cycles.
[Ramulator::SimpleO3] [info] Processor Heartbeat 890000000 cycles.
[Ramulator::SimpleO3] [info] Processor Heartbeat 900000000 cycles.
[Ramulator::SimpleO3] [info] Processor Heartbeat 910000000 cycles.
[Ramulator::SimpleO3] [info] Processor Heartbeat 920000000 cycles.
[Ramulator::SimpleO3] [info] Processor Heartbeat 930000000 cycles.
[Ramulator::SimpleO3] [info] Processor Heartbeat 940000000 cycles.
[Ramulator::SimpleO3] [info] Processor Heartbeat 950000000 cycles.
[Ramulator::SimpleO3] [info] Processor Heartbeat 960000000 cycles.
[Ramulator::SimpleO3] [info] Processor Heartbeat 970000000 cycles.
[Ramulator::SimpleO3] [info] Processor Heartbeat 980000000 cycles.
[Ramulator::SimpleO3] [info] Processor Heartbeat 990000000 cycles.
[Ramulator::SimpleO3] [info] Processor Heartbeat 1000000000 cycles.
[Ramulator::SimpleO3] [info] Processor Heartbeat 1010000000 cycles.
[Ramulator::SimpleO3] [info] Processor Heartbeat 1020000000 cycles.
[Ramulator::SimpleO3] [info] Processor Heartbeat 1030000000 cycles.
[Ramulator::SimpleO3] [info] Processor Heartbeat 1040000000 cycles.
[Ramulator::SimpleO3] [info] Processor Heartbeat 1050000000 cycles.
[Ramulator::SimpleO3] [info] Processor Heartbeat 1060000000 cycles.
[Ramulator::SimpleO3] [info] Processor Heartbeat 1070000000 cycles.
[Ramulator::SimpleO3] [info] Processor Heartbeat 1080000000 cycles.
[Ramulator::SimpleO3] [info] Processor Heartbeat 1090000000 cycles.
[Ramulator::SimpleO3] [info] Processor Heartbeat 1100000000 cycles.
[Ramulator::SimpleO3] [info] Processor Heartbeat 1110000000 cycles.
[Ramulator::SimpleO3] [info] Processor Heartbeat 1120000000 cycles.
[Ramulator::SimpleO3] [info] Processor Heartbeat 1130000000 cycles.
[Ramulator::SimpleO3] [info] Processor Heartbeat 1140000000 cycles.
[Ramulator::SimpleO3] [info] Processor Heartbeat 1150000000 cycles.
[Ramulator::SimpleO3] [info] Processor Heartbeat 1160000000 cycles.
[Ramulator::SimpleO3] [info] Processor Heartbeat 1170000000 cycles.
[Ramulator::SimpleO3] [info] Processor Heartbeat 1180000000 cycles.
[Ramulator::SimpleO3] [info] Processor Heartbeat 1190000000 cycles.
[Ramulator::SimpleO3] [info] Processor Heartbeat 1200000000 cycles.
[Ramulator::SimpleO3] [info] Processor Heartbeat 1210000000 cycles.
[Ramulator::SimpleO3] [info] Processor Heartbeat 1220000000 cycles.
[Ramulator::SimpleO3] [info] Processor Heartbeat 1230000000 cycles.
[Ramulator::SimpleO3] [info] Processor Heartbeat 1240000000 cycles.
[Ramulator::SimpleO3] [info] Processor Heartbeat 1250000000 cycles.
Frontend:
  impl: SimpleO3
  insts_retired_core_7: 20000003
  memory_access_cycles_recorded_core_7: 193230087
  memory_access_cycles_recorded_core_1: 158518571
  cycles_recorded_core_1: 843819052
  cycles_recorded_core_5: 965753684
  memory_access_cycles_recorded_core_0: 157237061
  insts_retired_core_6: 23270317
  cycles_recorded_core_0: 840747985
  memory_access_cycles_recorded_core_5: 176440843
  insts_retired_core_0: 29470673
  llc_read_misses: 1805747705
  llc_read_access: 1805767671
  memory_access_cycles_recorded_core_2: 166478331
  llc_write_misses: 350438311
  llc_write_access: 350439134
  llc_eviction: 19246559
  insts_retired_core_1: 29374570
  cycles_recorded_core_3: 869392796
  num_expected_insts: 20000000
  cycles_recorded_core_2: 850827356
  insts_retired_core_2: 29155469
  cycles_recorded_core_6: 1086123607
  memory_access_cycles_recorded_core_3: 177673238
  llc_mshr_unavailable: 2136930921
  cycles_recorded_core_4: 910138567
  memory_access_cycles_recorded_core_4: 180361792
  memory_access_cycles_recorded_core_6: 187365435
  insts_retired_core_4: 27525035
  insts_retired_core_5: 25905225
  insts_retired_core_3: 28634034
  cycles_recorded_core_7: 1252835207
  Translation:
    impl: RandomTranslation


MemorySystem:
  impl: GenericDRAM
  total_num_other_requests: 0
  total_num_write_requests: 3518404
  total_num_read_requests: 19254676
  memory_system_cycles: 469813203
  DRAM:
    impl: DDR4
  AddrMapper:
    impl: RoBaRaCoCh
  Controller:
    impl: Generic
    id: Channel 0
    Scheduler:
      impl: FCFS
    RefreshManager:
      impl: AllBank



