[Ramulator::SimpleO3] [info] Processor Heartbeat 10000000 cycles.
[Ramulator::SimpleO3] [info] Processor Heartbeat 20000000 cycles.
[Ramulator::SimpleO3] [info] Processor Heartbeat 30000000 cycles.
[Ramulator::SimpleO3] [info] Processor Heartbeat 40000000 cycles.
[Ramulator::SimpleO3] [info] Processor Heartbeat 50000000 cycles.
[Ramulator::SimpleO3] [info] Processor Heartbeat 60000000 cycles.
[Ramulator::SimpleO3] [info] Processor Heartbeat 70000000 cycles.
[Ramulator::SimpleO3] [info] Processor Heartbeat 80000000 cycles.
[Ramulator::SimpleO3] [info] Processor Heartbeat 90000000 cycles.
[Ramulator::SimpleO3] [info] Processor Heartbeat 100000000 cycles.
[Ramulator::SimpleO3] [info] Processor Heartbeat 110000000 cycles.
Frontend:
  impl: SimpleO3
  memory_access_cycles_recorded_core_3: 40047659
  insts_retired_core_2: 20481829
  cycles_recorded_core_2: 106437567
  num_expected_insts: 20000000
  cycles_recorded_core_3: 111348545
  insts_retired_core_1: 20689400
  llc_eviction: 5681586
  llc_write_access: 12834926
  llc_write_misses: 12834720
  insts_retired_core_3: 20000002
  memory_access_cycles_recorded_core_2: 38898062
  llc_read_access: 40146779
  llc_read_misses: 40139422
  insts_retired_core_0: 337280908
  llc_mshr_unavailable: 47288376
  cycles_recorded_core_0: 6118548
  memory_access_cycles_recorded_core_0: 407768
  cycles_recorded_core_1: 105160068
  memory_access_cycles_recorded_core_1: 38413600
  Translation:
    impl: RandomTranslation


MemorySystem:
  impl: GenericDRAM
  total_num_other_requests: 0
  total_num_write_requests: 1047210
  total_num_read_requests: 5685676
  memory_system_cycles: 41755704
  DRAM:
    impl: DDR4
  AddrMapper:
    impl: RoBaRaCoCh
  Controller:
    impl: Generic
    id: Channel 0
    Scheduler:
      impl: FRFCFS
    RefreshManager:
      impl: AllBank



